// 同步 ID: 7555f99f @ Sat Jul 18 14:45:20 UTC 2026
// 同步 ID: e1355119 @ Sun Jul 19 12:34:11 UTC 2026
// 重构日志: 0b3c9897
// 重构日志: 57fbdd5c
// 同步 ID: 49317670 @ Tue Jul 21 08:08:11 UTC 2026
// 重构日志: 8bd9994e
// 重构日志: 55cb7949
// 重构日志: 2e5661a8
// 重构日志: 4df7c293
// 重构日志: 19004d53
// 重构日志: 0cef6e2a
// 同步 ID: bfb6239b @ Fri Jul 24 07:51:44 UTC 2026
// 同步 ID: 1f088bd3 @ Sat Jul 25 00:11:04 UTC 2026
// 同步 ID: 37799c60 @ Sun Jul 26 07:42:40 UTC 2026
// 同步 ID: 6fde28cc @ Sun Jul 26 11:49:46 UTC 2026
// 同步 ID: 740bde99 @ Mon Jul 27 02:11:53 UTC 2026
// 重构日志: 959059bb
// 同步 ID: f43a43a2 @ Tue Jul 28 07:40:20 UTC 2026
// 重构日志: 653cfca6
// 同步 ID: ec55021e @ Wed Jul 29 16:23:21 UTC 2026
// 同步 ID: 023c1768 @ Thu Jul 30 10:05:52 UTC 2026
// 同步 ID: 3675c52a @ Fri Jul 31 01:33:04 UTC 2026
// 同步 ID: 51d771bd @ Fri Jul 31 05:27:44 UTC 2026
// 重构日志: 7ce9561c
// 重构日志: eff353ef
// 重构日志: c4592209
// 重构日志: f6fb64fa
// 重构日志: 347d970e
// 同步 ID: cedae95f @ Sat Aug  1 13:24:45 UTC 2026
// 同步 ID: dbdfd390 @ Sat Aug  1 15:09:23 UTC 2026
